exports[`toThrowErrorMatchingSnapshot example throw error 1`] = `"throw sample"`;
